[INFO] Scanning for projects...
[INFO] 
[INFO] ------------------------< com.hospital:backend >------------------------
[INFO] Building hospital-backend 0.0.1-SNAPSHOT
[INFO]   from pom.xml
[INFO] --------------------------------[ jar ]---------------------------------
[INFO] 
[INFO] --- jacoco:0.8.11:prepare-agent (default) @ backend ---
[INFO] argLine set to -javaagent:C:\\Users\\gutsm\\.m2\\repository\\org\\jacoco\\org.jacoco.agent\\0.8.11\\org.jacoco.agent-0.8.11-runtime.jar=destfile=C:\\Rishi\\Code\\gravityWS\\backend\\target\\jacoco.exec
[INFO] 
[INFO] --- resources:3.3.1:resources (default-resources) @ backend ---
[INFO] Copying 1 resource from src\main\resources to target\classes
[INFO] Copying 0 resource from src\main\resources to target\classes
[INFO] 
[INFO] --- compiler:3.13.0:compile (default-compile) @ backend ---
[INFO] Nothing to compile - all classes are up to date.
[INFO] 
[INFO] --- resources:3.3.1:testResources (default-testResources) @ backend ---
[INFO] skip non existing resourceDirectory C:\Rishi\Code\gravityWS\backend\src\test\resources
[INFO] 
[INFO] --- compiler:3.13.0:testCompile (default-testCompile) @ backend ---
[INFO] Nothing to compile - all classes are up to date.
[INFO] 
[INFO] --- surefire:3.2.5:test (default-test) @ backend ---
[INFO] Using auto detected provider org.apache.maven.surefire.junitplatform.JUnitPlatformProvider
[INFO] 
[INFO] -------------------------------------------------------
[INFO]  T E S T S
[INFO] -------------------------------------------------------
[INFO] Running com.hospital.controller.AuthControllerTest
17:43:24.076 [main] INFO org.springframework.test.context.support.AnnotationConfigContextLoaderUtils -- Could not detect default configuration classes for test class [com.hospital.controller.AuthControllerTest]: AuthControllerTest does not declare any static, non-private, non-final, nested classes annotated with @Configuration.
17:43:24.435 [main] INFO org.springframework.boot.test.context.SpringBootTestContextBootstrapper -- Found @SpringBootConfiguration com.hospital.HospitalApplication for test class com.hospital.controller.AuthControllerTest
  .   ____          _            __ _ _
 /\\ / ___'_ __ _ _(_)_ __  __ _ \ \ \ \
( ( )\___ | '_ | '_| | '_ \/ _` | \ \ \ \
 \\/  ___)| |_)| | | | | || (_| |  ) ) ) )
  '  |____| .__|_| |_|_| |_\__, | / / / /
 =========|_|==============|___/=/_/_/_/

 :: Spring Boot ::                (v3.3.0)

2025-12-14T17:43:24.964+05:30  INFO 7272 --- [hospital-backend] [           main] c.h.controller.AuthControllerTest        : Starting AuthControllerTest using Java 17.0.2 with PID 7272 (started by gutsm in C:\Rishi\Code\gravityWS\backend)
2025-12-14T17:43:24.968+05:30  INFO 7272 --- [hospital-backend] [           main] c.h.controller.AuthControllerTest        : No active profile set, falling back to 1 default profile: "default"
2025-12-14T17:43:28.077+05:30  INFO 7272 --- [hospital-backend] [           main] o.s.b.t.m.w.SpringBootMockServletContext : Initializing Spring TestDispatcherServlet ''
2025-12-14T17:43:28.077+05:30  INFO 7272 --- [hospital-backend] [           main] o.s.t.web.servlet.TestDispatcherServlet  : Initializing Servlet ''
2025-12-14T17:43:28.093+05:30  INFO 7272 --- [hospital-backend] [           main] o.s.t.web.servlet.TestDispatcherServlet  : Completed initialization in 0 ms
2025-12-14T17:43:28.140+05:30  INFO 7272 --- [hospital-backend] [           main] c.h.controller.AuthControllerTest        : Started AuthControllerTest in 3.572 seconds (process running for 5.451)
[ERROR] Tests run: 3, Failures: 0, Errors: 1, Skipped: 0, Time elapsed: 5.175 s <<< FAILURE! -- in com.hospital.controller.AuthControllerTest
[ERROR] com.hospital.controller.AuthControllerTest.testLoginFailure -- Time elapsed: 0.015 s <<< ERROR!
jakarta.servlet.ServletException: Request processing failed: java.lang.RuntimeException: Invalid credentials
	at org.springframework.web.servlet.FrameworkServlet.processRequest(FrameworkServlet.java:1022)
	at org.springframework.web.servlet.FrameworkServlet.doPost(FrameworkServlet.java:914)
	at jakarta.servlet.http.HttpServlet.service(HttpServlet.java:590)
	at org.springframework.web.servlet.FrameworkServlet.service(FrameworkServlet.java:885)
	at org.springframework.test.web.servlet.TestDispatcherServlet.service(TestDispatcherServlet.java:72)
	at jakarta.servlet.http.HttpServlet.service(HttpServlet.java:658)
	at org.springframework.mock.web.MockFilterChain$ServletFilterProxy.doFilter(MockFilterChain.java:165)
	at org.springframework.mock.web.MockFilterChain.doFilter(MockFilterChain.java:132)
	at org.springframework.web.filter.RequestContextFilter.doFilterInternal(RequestContextFilter.java:100)
	at org.springframework.web.filter.OncePerRequestFilter.doFilter(OncePerRequestFilter.java:116)
	at org.springframework.test.web.servlet.setup.MockMvcFilterDecorator.doFilter(MockMvcFilterDecorator.java:151)
	at org.springframework.mock.web.MockFilterChain.doFilter(MockFilterChain.java:132)
	at org.springframework.web.filter.FormContentFilter.doFilterInternal(FormContentFilter.java:93)
	at org.springframework.web.filter.OncePerRequestFilter.doFilter(OncePerRequestFilter.java:116)
	at org.springframework.test.web.servlet.setup.MockMvcFilterDecorator.doFilter(MockMvcFilterDecorator.java:151)
	at org.springframework.mock.web.MockFilterChain.doFilter(MockFilterChain.java:132)
	at org.springframework.web.filter.CharacterEncodingFilter.doFilterInternal(CharacterEncodingFilter.java:201)
	at org.springframework.web.filter.OncePerRequestFilter.doFilter(OncePerRequestFilter.java:116)
	at org.springframework.test.web.servlet.setup.MockMvcFilterDecorator.doFilter(MockMvcFilterDecorator.java:151)
	at org.springframework.mock.web.MockFilterChain.doFilter(MockFilterChain.java:132)
	at org.springframework.test.web.servlet.MockMvc.perform(MockMvc.java:201)
	at com.hospital.controller.AuthControllerTest.testLoginFailure(AuthControllerTest.java:76)
	at java.base/java.lang.reflect.Method.invoke(Method.java:568)
	at java.base/java.util.ArrayList.forEach(ArrayList.java:1511)
	at java.base/java.util.ArrayList.forEach(ArrayList.java:1511)
Caused by: java.lang.RuntimeException: Invalid credentials
	at com.hospital.controller.AuthController.login(AuthController.java:29)
	at java.base/jdk.internal.reflect.NativeMethodAccessorImpl.invoke0(Native Method)
	at java.base/jdk.internal.reflect.NativeMethodAccessorImpl.invoke(NativeMethodAccessorImpl.java:77)
	at java.base/jdk.internal.reflect.DelegatingMethodAccessorImpl.invoke(DelegatingMethodAccessorImpl.java:43)
	at java.base/java.lang.reflect.Method.invoke(Method.java:568)
	at org.springframework.web.method.support.InvocableHandlerMethod.doInvoke(InvocableHandlerMethod.java:255)
	at org.springframework.web.method.support.InvocableHandlerMethod.invokeForRequest(InvocableHandlerMethod.java:188)
	at org.springframework.web.servlet.mvc.method.annotation.ServletInvocableHandlerMethod.invokeAndHandle(ServletInvocableHandlerMethod.java:118)
	at org.springframework.web.servlet.mvc.method.annotation.RequestMappingHandlerAdapter.invokeHandlerMethod(RequestMappingHandlerAdapter.java:926)
	at org.springframework.web.servlet.mvc.method.annotation.RequestMappingHandlerAdapter.handleInternal(RequestMappingHandlerAdapter.java:831)
	at org.springframework.web.servlet.mvc.method.AbstractHandlerMethodAdapter.handle(AbstractHandlerMethodAdapter.java:87)
	at org.springframework.web.servlet.DispatcherServlet.doDispatch(DispatcherServlet.java:1089)
	at org.springframework.web.servlet.DispatcherServlet.doService(DispatcherServlet.java:979)
	at org.springframework.web.servlet.FrameworkServlet.processRequest(FrameworkServlet.java:1014)
	... 24 more

[INFO] Running com.hospital.controller.ClinicalControllerTest
2025-12-14T17:43:28.841+05:30  INFO 7272 --- [hospital-backend] [           main] t.c.s.AnnotationConfigContextLoaderUtils : Could not detect default configuration classes for test class [com.hospital.controller.ClinicalControllerTest]: ClinicalControllerTest does not declare any static, non-private, non-final, nested classes annotated with @Configuration.
2025-12-14T17:43:28.857+05:30  INFO 7272 --- [hospital-backend] [           main] .b.t.c.SpringBootTestContextBootstrapper : Found @SpringBootConfiguration com.hospital.HospitalApplication for test class com.hospital.controller.ClinicalControllerTest
  .   ____          _            __ _ _
 /\\ / ___'_ __ _ _(_)_ __  __ _ \ \ \ \
( ( )\___ | '_ | '_| | '_ \/ _` | \ \ \ \
 \\/  ___)| |_)| | | | | || (_| |  ) ) ) )
  '  |____| .__|_| |_|_| |_\__, | / / / /
 =========|_|==============|___/=/_/_/_/

 :: Spring Boot ::                (v3.3.0)

2025-12-14T17:43:28.889+05:30  INFO 7272 --- [hospital-backend] [           main] c.h.controller.ClinicalControllerTest    : Starting ClinicalControllerTest using Java 17.0.2 with PID 7272 (started by gutsm in C:\Rishi\Code\gravityWS\backend)
2025-12-14T17:43:28.889+05:30  INFO 7272 --- [hospital-backend] [           main] c.h.controller.ClinicalControllerTest    : No active profile set, falling back to 1 default profile: "default"
2025-12-14T17:43:29.190+05:30  INFO 7272 --- [hospital-backend] [           main] o.s.b.t.m.w.SpringBootMockServletContext : Initializing Spring TestDispatcherServlet ''
2025-12-14T17:43:29.190+05:30  INFO 7272 --- [hospital-backend] [           main] o.s.t.web.servlet.TestDispatcherServlet  : Initializing Servlet ''
2025-12-14T17:43:29.190+05:30  INFO 7272 --- [hospital-backend] [           main] o.s.t.web.servlet.TestDispatcherServlet  : Completed initialization in 0 ms
2025-12-14T17:43:29.206+05:30  INFO 7272 --- [hospital-backend] [           main] c.h.controller.ClinicalControllerTest    : Started ClinicalControllerTest in 0.338 seconds (process running for 6.516)
[INFO] Tests run: 2, Failures: 0, Errors: 0, Skipped: 0, Time elapsed: 0.446 s -- in com.hospital.controller.ClinicalControllerTest
[INFO] Running com.hospital.controller.PatientControllerTest
2025-12-14T17:43:29.289+05:30  INFO 7272 --- [hospital-backend] [           main] t.c.s.AnnotationConfigContextLoaderUtils : Could not detect default configuration classes for test class [com.hospital.controller.PatientControllerTest]: PatientControllerTest does not declare any static, non-private, non-final, nested classes annotated with @Configuration.
2025-12-14T17:43:29.298+05:30  INFO 7272 --- [hospital-backend] [           main] .b.t.c.SpringBootTestContextBootstrapper : Found @SpringBootConfiguration com.hospital.HospitalApplication for test class com.hospital.controller.PatientControllerTest
  .   ____          _            __ _ _
 /\\ / ___'_ __ _ _(_)_ __  __ _ \ \ \ \
( ( )\___ | '_ | '_| | '_ \/ _` | \ \ \ \
 \\/  ___)| |_)| | | | | || (_| |  ) ) ) )
  '  |____| .__|_| |_|_| |_\__, | / / / /
 =========|_|==============|___/=/_/_/_/

 :: Spring Boot ::                (v3.3.0)

2025-12-14T17:43:29.319+05:30  INFO 7272 --- [hospital-backend] [           main] c.h.controller.PatientControllerTest     : Starting PatientControllerTest using Java 17.0.2 with PID 7272 (started by gutsm in C:\Rishi\Code\gravityWS\backend)
2025-12-14T17:43:29.319+05:30  INFO 7272 --- [hospital-backend] [           main] c.h.controller.PatientControllerTest     : No active profile set, falling back to 1 default profile: "default"
2025-12-14T17:43:29.628+05:30  INFO 7272 --- [hospital-backend] [           main] o.s.b.t.m.w.SpringBootMockServletContext : Initializing Spring TestDispatcherServlet ''
2025-12-14T17:43:29.628+05:30  INFO 7272 --- [hospital-backend] [           main] o.s.t.web.servlet.TestDispatcherServlet  : Initializing Servlet ''
2025-12-14T17:43:29.628+05:30  INFO 7272 --- [hospital-backend] [           main] o.s.t.web.servlet.TestDispatcherServlet  : Completed initialization in 0 ms
2025-12-14T17:43:29.634+05:30  INFO 7272 --- [hospital-backend] [           main] c.h.controller.PatientControllerTest     : Started PatientControllerTest in 0.333 seconds (process running for 6.943)
[INFO] Tests run: 3, Failures: 0, Errors: 0, Skipped: 0, Time elapsed: 0.382 s -- in com.hospital.controller.PatientControllerTest
[INFO] Running com.hospital.controller.StaffControllerTest
2025-12-14T17:43:29.675+05:30  INFO 7272 --- [hospital-backend] [           main] t.c.s.AnnotationConfigContextLoaderUtils : Could not detect default configuration classes for test class [com.hospital.controller.StaffControllerTest]: StaffControllerTest does not declare any static, non-private, non-final, nested classes annotated with @Configuration.
2025-12-14T17:43:29.685+05:30  INFO 7272 --- [hospital-backend] [           main] .b.t.c.SpringBootTestContextBootstrapper : Found @SpringBootConfiguration com.hospital.HospitalApplication for test class com.hospital.controller.StaffControllerTest
  .   ____          _            __ _ _
 /\\ / ___'_ __ _ _(_)_ __  __ _ \ \ \ \
( ( )\___ | '_ | '_| | '_ \/ _` | \ \ \ \
 \\/  ___)| |_)| | | | | || (_| |  ) ) ) )
  '  |____| .__|_| |_|_| |_\__, | / / / /
 =========|_|==============|___/=/_/_/_/

 :: Spring Boot ::                (v3.3.0)

2025-12-14T17:43:29.714+05:30  INFO 7272 --- [hospital-backend] [           main] c.h.controller.StaffControllerTest       : Starting StaffControllerTest using Java 17.0.2 with PID 7272 (started by gutsm in C:\Rishi\Code\gravityWS\backend)
2025-12-14T17:43:29.714+05:30  INFO 7272 --- [hospital-backend] [           main] c.h.controller.StaffControllerTest       : No active profile set, falling back to 1 default profile: "default"
2025-12-14T17:43:29.914+05:30  INFO 7272 --- [hospital-backend] [           main] o.s.b.t.m.w.SpringBootMockServletContext : Initializing Spring TestDispatcherServlet ''
2025-12-14T17:43:29.914+05:30  INFO 7272 --- [hospital-backend] [           main] o.s.t.web.servlet.TestDispatcherServlet  : Initializing Servlet ''
2025-12-14T17:43:29.914+05:30  INFO 7272 --- [hospital-backend] [           main] o.s.t.web.servlet.TestDispatcherServlet  : Completed initialization in 0 ms
2025-12-14T17:43:29.919+05:30  INFO 7272 --- [hospital-backend] [           main] c.h.controller.StaffControllerTest       : Started StaffControllerTest in 0.231 seconds (process running for 7.228)
2025-12-14T17:43:29.939+05:30  WARN 7272 --- [hospital-backend] [           main] .w.s.m.s.DefaultHandlerExceptionResolver : Resolved [org.springframework.web.method.annotation.MethodArgumentTypeMismatchException: Failed to convert value of type 'java.lang.String' to required type 'com.hospital.entity.Appointment$AppointmentStatus'; Failed to convert from type [java.lang.String] to type [@org.springframework.web.bind.annotation.RequestParam com.hospital.entity.Appointment$AppointmentStatus] for value [CONFIRMED]]

MockHttpServletRequest:
      HTTP Method = PUT
      Request URI = /api/staff/appointments/1/status
       Parameters = {status=[CONFIRMED]}
          Headers = []
             Body = null
    Session Attrs = {}

Handler:
             Type = com.hospital.controller.StaffController
           Method = com.hospital.controller.StaffController#updateStatus(Long, AppointmentStatus)

Async:
    Async started = false
     Async result = null

Resolved Exception:
             Type = org.springframework.web.method.annotation.MethodArgumentTypeMismatchException

ModelAndView:
        View name = null
             View = null
            Model = null

FlashMap:
       Attributes = null

MockHttpServletResponse:
           Status = 400
    Error message = null
          Headers = [Vary:"Origin", "Access-Control-Request-Method", "Access-Control-Request-Headers"]
     Content type = null
             Body = 
    Forwarded URL = null
   Redirected URL = null
          Cookies = []
[ERROR] Tests run: 2, Failures: 1, Errors: 0, Skipped: 0, Time elapsed: 0.265 s <<< FAILURE! -- in com.hospital.controller.StaffControllerTest
[ERROR] com.hospital.controller.StaffControllerTest.testUpdateStatus -- Time elapsed: 0.013 s <<< FAILURE!
java.lang.AssertionError: Status expected:<200> but was:<400>
	at org.springframework.test.util.AssertionErrors.fail(AssertionErrors.java:59)
	at org.springframework.test.util.AssertionErrors.assertEquals(AssertionErrors.java:122)
	at org.springframework.test.web.servlet.result.StatusResultMatchers.lambda$matcher$9(StatusResultMatchers.java:637)
	at org.springframework.test.web.servlet.MockMvc$1.andExpect(MockMvc.java:214)
	at com.hospital.controller.StaffControllerTest.testUpdateStatus(StaffControllerTest.java:61)
	at java.base/java.lang.reflect.Method.invoke(Method.java:568)
	at java.base/java.util.ArrayList.forEach(ArrayList.java:1511)
	at java.base/java.util.ArrayList.forEach(ArrayList.java:1511)

[INFO] 
[INFO] Results:
[INFO] 
[ERROR] Failures: 
[ERROR]   StaffControllerTest.testUpdateStatus:61 Status expected:<200> but was:<400>
[ERROR] Errors: 
[ERROR]   AuthControllerTest.testLoginFailure:76 ╗ Servlet Request processing failed: java.lang.RuntimeException: Invalid credentials
[INFO] 
[ERROR] Tests run: 10, Failures: 1, Errors: 1, Skipped: 0
[INFO] 
[INFO] ------------------------------------------------------------------------
[INFO] BUILD FAILURE
[INFO] ------------------------------------------------------------------------
[INFO] Total time:  9.087 s
[INFO] Finished at: 2025-12-14T17:43:30+05:30
[INFO] ------------------------------------------------------------------------
[ERROR] Failed to execute goal org.apache.maven.plugins:maven-surefire-plugin:3.2.5:test (default-test) on project backend: There are test failures.
[ERROR] 
[ERROR] Please refer to C:\Rishi\Code\gravityWS\backend\target\surefire-reports for the individual test results.
[ERROR] Please refer to dump files (if any exist) [date].dump, [date]-jvmRun[N].dump and [date].dumpstream.
[ERROR] -> [Help 1]
[ERROR] 
[ERROR] To see the full stack trace of the errors, re-run Maven with the -e switch.
[ERROR] Re-run Maven using the -X switch to enable full debug logging.
[ERROR] 
[ERROR] For more information about the errors and possible solutions, please read the following articles:
[ERROR] [Help 1] http://cwiki.apache.org/confluence/display/MAVEN/MojoFailureException
